// Jest Snapshot v1, https://goo.gl/fbAQLP

exports[`QuizForm 1`] = `
<div>
  <form
    class="mb-4"
  >
    <div
      class="mb-2"
    >
      <label
        class="block text-sm font-medium text-gray-700"
        for="name"
      >
        Enter your name:
      </label>
      <input
        class="mt-1 p-2 block w-full border border-gray-300 rounded-md shadow-sm"
        id="name"
        required=""
        type="text"
        value=""
      />
    </div>
    <button
      class="w-full py-2 px-4 bg-blue-500 text-white rounded hover:bg-blue-700"
      type="submit"
    >
      Start Quiz
    </button>
  </form>
</div>
`;
