// Jest Snapshot v1, https://goo.gl/fbAQLP

exports[`QuizNavigation 1`] = `
<div>
  <div
    class="flex mt-4 justify-end"
  >
    <button
      class="py-2 px-4 bg-blue-500 text-white rounded hover:bg-blue-700"
    >
      Next
    </button>
  </div>
</div>
`;
